
Gurobi 11.0.1 (linux64) logging started Fri Feb 14 18:22:23 2025

Set parameter LogFile to value "ASAD2_solver_fixado_2.log"
Gurobi Optimizer version 11.0.1 build v11.0.1rc0 (linux64 - "Ubuntu 22.04.4 LTS")

CPU model: AMD Ryzen 5 5500U with Radeon Graphics, instruction set [SSE2|AVX|AVX2]
Thread count: 6 physical cores, 12 logical processors, using up to 12 threads

Optimize a model with 81596 rows, 21680 columns and 383618 nonzeros
Model fingerprint: 0x94bc4855
Variable types: 12944 continuous, 8736 integer (0 binary)
Coefficient statistics:
  Matrix range     [9e-02, 1e+07]
  Objective range  [3e-04, 3e-04]
  Bounds range     [1e+00, 2e+06]
  RHS range        [1e+00, 1e+07]

User MIP start did not produce a new incumbent solution
User MIP start violates constraint rest_define_EstoqueEB06_PRDT_C2_d01_h02 by 385.582362377
MIP start from previous solve did not produce a new incumbent solution

Presolve removed 64533 rows and 12161 columns
Presolve time: 2.01s
Presolved: 17063 rows, 9519 columns, 114173 nonzeros
Variable types: 4882 continuous, 4637 integer (3020 binary)

Root relaxation: infeasible, 946 iterations, 0.03 seconds (0.03 work units)

    Nodes    |    Current Node    |     Objective Bounds      |     Work
 Expl Unexpl |  Obj  Depth IntInf | Incumbent    BestBd   Gap | It/Node Time

     0     0 infeasible    0               - infeasible      -     -    2s

Explored 1 nodes (946 simplex iterations) in 2.25 seconds (2.21 work units)
Thread count was 12 (of 12 available processors)

Solution count 0
No other solutions better than -1e+100

Model is infeasible
Best objective -, best bound -, gap -
