
Gurobi 11.0.1 (linux64) logging started Fri Feb 14 18:12:30 2025

Set parameter LogFile to value "ASAD3_solver_fixado.log"
Gurobi Optimizer version 11.0.1 build v11.0.1rc0 (linux64 - "Ubuntu 22.04.4 LTS")

CPU model: AMD Ryzen 5 5500U with Radeon Graphics, instruction set [SSE2|AVX|AVX2]
Thread count: 6 physical cores, 12 logical processors, using up to 12 threads

Optimize a model with 81589 rows, 21680 columns and 383911 nonzeros
Model fingerprint: 0x100bfde9
Variable types: 12944 continuous, 8736 integer (0 binary)
Coefficient statistics:
  Matrix range     [9e-02, 1e+07]
  Objective range  [3e-04, 3e-04]
  Bounds range     [1e+00, 2e+06]
  RHS range        [1e+00, 1e+07]

User MIP start did not produce a new incumbent solution
User MIP start violates constraint rest_define_EstoqueEB06_PRDT_C2_d01_h04 by 388.258291906
MIP start from previous solve did not produce a new incumbent solution

Presolve removed 63129 rows and 11610 columns
Presolve time: 2.01s
Presolved: 18460 rows, 10070 columns, 119715 nonzeros
Variable types: 5192 continuous, 4878 integer (3187 binary)
Deterministic concurrent LP optimizer: primal and dual simplex
Showing primal log only...

Concurrent spin time: 0.00s

Solved with dual simplex

Root relaxation: infeasible, 1691 iterations, 0.17 seconds (0.13 work units)

    Nodes    |    Current Node    |     Objective Bounds      |     Work
 Expl Unexpl |  Obj  Depth IntInf | Incumbent    BestBd   Gap | It/Node Time

     0     0 infeasible    0               - infeasible      -     -    2s

Explored 1 nodes (1691 simplex iterations) in 2.34 seconds (2.35 work units)
Thread count was 12 (of 12 available processors)

Solution count 0
No other solutions better than -1e+100

Model is infeasible
Best objective -, best bound -, gap -
