
Gurobi 11.0.1 (linux64) logging started Tue Feb 11 21:23:37 2025

Set parameter LogFile to value "ASAD8_solver_fixado.log"
Gurobi Optimizer version 11.0.1 build v11.0.1rc0 (linux64 - "Ubuntu 22.04.4 LTS")

CPU model: AMD Ryzen 5 5500U with Radeon Graphics, instruction set [SSE2|AVX|AVX2]
Thread count: 6 physical cores, 12 logical processors, using up to 12 threads

Optimize a model with 75507 rows, 20162 columns and 260897 nonzeros
Model fingerprint: 0x4f8b8eb0
Variable types: 12434 continuous, 7728 integer (0 binary)
Coefficient statistics:
  Matrix range     [9e-02, 1e+07]
  Objective range  [2e-04, 2e-04]
  Bounds range     [1e+00, 2e+06]
  RHS range        [1e+00, 1e+07]

User MIP start did not produce a new incumbent solution
User MIP start violates constraint rest_define_EstoqueEB06_PRDT_C1_d01_h02 by 161.349685948
MIP start from previous solve did not produce a new incumbent solution

Presolve removed 56906 rows and 10106 columns
Presolve time: 0.68s
Presolved: 18601 rows, 10056 columns, 67475 nonzeros
Variable types: 5165 continuous, 4891 integer (3116 binary)

Root relaxation: objective -0.000000e+00, 10821 iterations, 2.10 seconds (2.70 work units)
Another try with MIP start

    Nodes    |    Current Node    |     Objective Bounds      |     Work
 Expl Unexpl |  Obj  Depth IntInf | Incumbent    BestBd   Gap | It/Node Time

     0     0   -0.00000    0  367          -   -0.00000      -     -    5s
     0     0   -0.00000    0  752          -   -0.00000      -     -    7s
     0     0   -0.00000    0  753          -   -0.00000      -     -    7s
     0     0   -0.00000    0  744          -   -0.00000      -     -    7s
     0     0   -0.00000    0  452          -   -0.00000      -     -   12s
     0     0   -0.00000    0  600          -   -0.00000      -     -   13s
     0     0   -0.00000    0  388          -   -0.00000      -     -   15s
     0     0   -0.00000    0  388          -   -0.00000      -     -   17s
     0     2   -0.00000    0  388          -   -0.00000      -     -   20s
    52    45   -0.33333    8  719          -   -0.00000      -   893   25s
   247   268   -0.00000   28  438          -   -0.00000      -   389   31s
   372   343   -0.00000   36  435          -   -0.00000      -   308   35s
   828   688 infeasible   91               -   -0.00000      -   231   43s
  1100   721 infeasible   54               -   -0.00000      -   243   49s
  1491   820   -0.00000   62  496          -   -0.00000      -   267   54s
  2084   911 infeasible   76               -   -0.00000      -   245   59s
  2539  1004 infeasible   61               -   -0.00000      -   246   65s
  2886  1005   -0.00000   44  388          -   -0.00000      -   265   81s
  2888  1006   -0.00000  100  628          -   -0.00000      -   265   96s
  2889  1007   -0.00000   41   53          -   -0.00000      -   265  106s
  2891  1008   -0.00000   49  180          -   -0.00000      -   265  110s
  2893  1010 -128.00000  180  228          -   -0.00000      -   264  116s
  2894  1010   -0.00000   69  596          -   -0.00000      -   264  120s
  2898  1013  -57.00000  103  508          -   -0.00000      -   264  125s
  2900  1014   -0.00000   72  200          -   -0.00000      -   264  132s
  2904  1018   -0.00000   37  423          -   -0.00000      -   322  159s
  2905  1019   -0.00000   27  255          -   -0.00000      -   322  168s
H 2906   968                      -0.0000000   -0.00000  0.00%   322  173s

Cutting planes:
  Learned: 1
  Gomory: 21
  Cover: 104
  Implied bound: 219
  Projected implied bound: 40
  Clique: 6
  MIR: 54
  StrongCG: 5
  Flow cover: 272
  GUB cover: 3
  Zero half: 10
  RLT: 99
  Relax-and-lift: 36

Explored 2906 nodes (1132842 simplex iterations) in 173.93 seconds (182.87 work units)
Thread count was 12 (of 12 available processors)

Solution count 1: -0 
No other solutions better than -0

Optimal solution found (tolerance 1.00e-02)
Best objective -0.000000000000e+00, best bound -0.000000000000e+00, gap 0.0000%
