
Gurobi 11.0.1 (linux64) logging started Tue Feb 11 21:12:10 2025

Set parameter LogFile to value "ASAD6_solver_completo.log"
Gurobi Optimizer version 11.0.1 build v11.0.1rc0 (linux64 - "Ubuntu 22.04.4 LTS")

CPU model: AMD Ryzen 5 5500U with Radeon Graphics, instruction set [SSE2|AVX|AVX2]
Thread count: 6 physical cores, 12 logical processors, using up to 12 threads

Optimize a model with 122881 rows, 21680 columns and 549658 nonzeros
Model fingerprint: 0x6f08a766
Variable types: 12944 continuous, 8736 integer (0 binary)
Coefficient statistics:
  Matrix range     [9e-02, 1e+07]
  Objective range  [2e-04, 2e-04]
  Bounds range     [1e+00, 2e+06]
  RHS range        [1e+00, 1e+07]

User MIP start did not produce a new incumbent solution
User MIP start violates constraint rest_define_EstoqueEB06_PRDT_C2_d01_h02 by 597.891624732
MIP start from previous solve did not produce a new incumbent solution

Presolve removed 104471 rows and 11236 columns
Presolve time: 2.51s
Presolved: 18410 rows, 10444 columns, 177983 nonzeros
Variable types: 5223 continuous, 5221 integer (3346 binary)
Deterministic concurrent LP optimizer: primal and dual simplex
Showing primal log only...


Root simplex log...

Iteration    Objective       Primal Inf.    Dual Inf.      Time
   11827   -1.8892944e+02   0.000000e+00   4.960048e+03      5s
   20785   -1.6499472e+02   0.000000e+00   2.924770e+02     10s
Concurrent spin time: 0.00s

Solved with dual simplex

Root simplex log...

Iteration    Objective       Primal Inf.    Dual Inf.      Time
   25803   -1.5778481e+02   0.000000e+00   0.000000e+00     13s

Root relaxation: objective -1.577848e+02, 25803 iterations, 9.89 seconds (9.52 work units)

    Nodes    |    Current Node    |     Objective Bounds      |     Work
 Expl Unexpl |  Obj  Depth IntInf | Incumbent    BestBd   Gap | It/Node Time

     0     0 -157.78481    0 1338          - -157.78481      -     -   15s
     0     0 -158.12410    0 1319          - -158.12410      -     -   16s
Another try with MIP start
     0     0 -163.22580    0 1669          - -163.22580      -     -   23s
     0     0 -163.25999    0 1699          - -163.25999      -     -   23s
     0     0 -167.91953    0 1730          - -167.91953      -     -   24s
     0     0 -167.91953    0 1607          - -167.91953      -     -   25s
     0     0 -167.91953    0 1609          - -167.91953      -     -   25s
     0     0 -167.91953    0 1613          - -167.91953      -     -   25s
     0     0 -168.25242    0 1813          - -168.25242      -     -   28s
     0     0 -168.26255    0 1986          - -168.26255      -     -   31s
     0     0 -168.26255    0 1781          - -168.26255      -     -   32s
     0     0 -168.26255    0 1798          - -168.26255      -     -   32s
     0     0 -168.26255    0 1703          - -168.26255      -     -   33s
     0     0 -168.26255    0 1731          - -168.26255      -     -   33s
     0     0 -168.26255    0 1731          - -168.26255      -     -   33s
     0     0 -171.16355    0 2060          - -171.16355      -     -   41s
     0     0 -171.48008    0 1926          - -171.48008      -     -   43s
     0     0 -171.51504    0 1825          - -171.51504      -     -   44s
     0     0 -171.51813    0 1733          - -171.51813      -     -   44s
     0     0 -172.17518    0 1747          - -172.17518      -     -   45s
     0     0 -172.19033    0 1716          - -172.19033      -     -   46s
     0     0 -172.19061    0 1715          - -172.19061      -     -   46s
     0     0 -178.40551    0 1726          - -178.40551      -     -   50s
     0     0 -178.68422    0 1805          - -178.68422      -     -   52s
     0     0 -178.71645    0 1786          - -178.71645      -     -   52s
     0     0 -178.71770    0 1743          - -178.71770      -     -   52s
     0     0 -180.68041    0 1808          - -180.68041      -     -   54s
     0     0 -181.50990    0 1843          - -181.50990      -     -   56s
     0     0 -181.53538    0 1907          - -181.53538      -     -   57s
     0     0 -181.55340    0 1751          - -181.55340      -     -   57s
     0     0 -181.56228    0 1783          - -181.56228      -     -   57s
     0     0 -181.56323    0 1795          - -181.56323      -     -   57s
     0     0 -182.25227    0 1907          - -182.25227      -     -   59s
     0     0 -182.51495    0 1809          - -182.51495      -     -   60s
     0     0 -182.52904    0 1829          - -182.52904      -     -   61s
     0     0 -182.53201    0 1819          - -182.53201      -     -   61s
     0     0 -183.34044    0 1979          - -183.34044      -     -   63s
     0     0 -183.77199    0 1985          - -183.77199      -     -   64s
     0     0 -183.95425    0 1949          - -183.95425      -     -   65s
     0     0 -183.99172    0 1955          - -183.99172      -     -   65s
     0     0 -184.01194    0 1960          - -184.01194      -     -   66s
     0     0 -184.01327    0 1928          - -184.01327      -     -   66s
     0     0 -184.50480    0 1916          - -184.50480      -     -   68s
     0     0 -184.55451    0 1940          - -184.55451      -     -   69s
     0     0 -184.57280    0 1934          - -184.57280      -     -   69s
     0     0 -184.59060    0 1949          - -184.59060      -     -   70s
     0     0 -184.59616    0 1968          - -184.59616      -     -   71s
     0     0 -184.59636    0 1935          - -184.59636      -     -   71s
     0     0 -186.25409    0 1903          - -186.25409      -     -   74s
     0     0 -186.95572    0 1902          - -186.95572      -     -   75s
     0     0 -187.14579    0 1845          - -187.14579      -     -   76s
     0     0 -187.19300    0 1915          - -187.19300      -     -   77s
     0     0 -187.20687    0 1912          - -187.20687      -     -   77s
     0     0 -187.20917    0 1927          - -187.20917      -     -   77s
     0     0 -187.99217    0 1903          - -187.99217      -     -   79s
     0     0 -188.03968    0 1945          - -188.03968      -     -   80s
     0     0 -188.05408    0 1967          - -188.05408      -     -   81s
     0     0 -188.06613    0 1953          - -188.06613      -     -   81s
     0     0 -188.06695    0 1951          - -188.06695      -     -   81s
     0     0 -188.50066    0 1898          - -188.50066      -     -   84s
     0     0 -188.57061    0 1928          - -188.57061      -     -   85s
     0     0 -188.58924    0 1966          - -188.58924      -     -   86s
     0     0 -188.58924    0 1967          - -188.58924      -     -   86s
     0     0 -188.58983    0 1963          - -188.58983      -     -   87s
     0     0 -188.68744    0 1983          - -188.68744      -     -   89s
     0     0 -188.88355    0 1902          - -188.88355      -     -   90s
     0     0 -188.88355    0 1933          - -188.88355      -     -   90s
     0     0 -188.88355    0 1909          - -188.88355      -     -   92s
     0     0 -188.91300    0 1871          - -188.91300      -     -   92s
     0     0 -188.92290    0 1862          - -188.92290      -     -   93s
     0     0 -188.92318    0 1869          - -188.92318      -     -   93s
     0     0 -189.05140    0 1884          - -189.05140      -     -   94s
     0     0 -189.06369    0 1900          - -189.06369      -     -   95s
     0     0 -189.07419    0 1878          - -189.07419      -     -   95s
     0     0 -189.07760    0 1899          - -189.07760      -     -   95s
     0     0 -189.32323    0 1893          - -189.32323      -     -   96s
     0     0 -189.43566    0 1905          - -189.43566      -     -   97s
     0     0 -189.45229    0 1933          - -189.45229      -     -   98s
     0     0 -189.45356    0 1940          - -189.45356      -     -   98s
     0     0 -189.62444    0 2040          - -189.62444      -     -  100s
     0     0 -189.67376    0 2034          - -189.67376      -     -  101s
     0     0 -189.68020    0 1851          - -189.68020      -     -  102s
     0     0 -189.80396    0 1868          - -189.80396      -     -  104s
     0     0 -189.84662    0 1869          - -189.84662      -     -  105s
     0     0 -189.85014    0 1902          - -189.85014      -     -  105s
     0     0 -190.10576    0 1913          - -190.10576      -     -  108s
     0     0 -190.29693    0 1887          - -190.29693      -     -  110s
     0     0 -190.30292    0 1876          - -190.30292      -     -  111s
     0     0 -190.57356    0 1826          - -190.57356      -     -  112s
     0     0 -190.62123    0 1750          - -190.62123      -     -  113s
     0     0 -190.62901    0 1825          - -190.62901      -     -  114s
     0     0 -190.62999    0 1816          - -190.62999      -     -  114s
     0     0 -190.74184    0 1822          - -190.74184      -     -  116s
     0     0 -190.75415    0 1684          - -190.75415      -     -  117s
     0     0 -190.76150    0 1786          - -190.76150      -     -  118s
     0     0 -190.76404    0 1719          - -190.76404      -     -  118s
     0     0 -190.80719    0 1851          - -190.80719      -     -  120s
     0     0 -190.81714    0 1759          - -190.81714      -     -  120s
     0     0 -190.81747    0 1784          - -190.81747      -     -  120s
     0     0 -190.86241    0 1685          - -190.86241      -     -  122s
     0     0 -191.08541    0 1367          - -191.08541      -     -  127s
     0     2 -191.08541    0 1363          - -191.08541      -     -  132s
     1     2 -191.28970    1 1482          - -191.28970      -  5885  139s
     3     4 -198.55747    2 1568          - -192.42563      -  8079  142s
     9     8 -200.56125    4 1749          - -199.49481      -  4253  146s
    31    24 -214.80282    7 1524          - -200.85268      -  2173  151s
    46    34 -215.72359    9 1449          - -201.74496      -  1911  156s
    81    56 -219.68473   16 1323          - -201.74496      -  1324  160s
    99    72 -222.70576   18 1193          - -201.74496      -  1286  168s
   108    80 infeasible   18               - -201.74496      -  1328  170s
   150   121 -224.00979   32  917          - -201.74496      -  1167  176s
   206   168 -226.08499   45  952          - -201.74496      -   997  180s
   327   293 -229.69044   66 1033          - -201.74496      -   756  185s
   542   436 infeasible   89               - -206.27318      -   511  191s
   766   562 -210.09702   11 1248          - -206.27318      -   397  195s
  1003   706 -210.79246   14 1171          - -206.27318      -   336  200s
  1251   881 -212.17271   22 1053          - -206.27318      -   301  206s
  1566  1055 -230.22659   71 1367          - -206.27318      -   268  217s
  1568  1056 -224.76838   52 1005          - -206.27318      -   268  228s
  1569  1057 -226.37817   24 1532          - -206.27318      -   267  249s
  1570  1058 -267.70521   23 1862          - -206.27318      -   267  259s
  1571  1058 -224.74730  126 1822          - -206.27318      -   267  264s
  1572  1059 -330.40430   21 1878          - -206.27318      -   267  273s
  1573  1060 -236.85499  169 1673          - -206.27318      -   267  292s
  1574  1060 -340.79987   33 1855          - -206.27318      -   267  297s
  1575  1061 -252.06222   22 1890          - -206.27318      -   266  305s
  1576  1062 -340.79987   33 1838          - -209.56549      -   266  322s
  1578  1063 -356.78652   56 1691          - -211.79214      -   266  331s
  1579  1064 -229.70465   33 1433          - -213.00272      -   266  351s
  1581  1065 -229.57138  169 1741          - -213.28841      -   265  357s
  1583  1066 -225.01260   41 1716          - -214.15914      -   265  368s
  1584  1067 -268.78351   24 1713          - -214.57637      -   265  370s
  1586  1068 -297.34678  148 1491          - -215.38454      -   265  379s
  1587  1069 -425.63254   69 1935          - -215.45664      -   264  381s
  1588  1070 -251.19012   98 1495          - -215.94929      -   264  390s
  1590  1071 -296.56334  132 1521          - -216.14854      -   264  403s
  1591  1072 -271.11148   29 1500          - -216.14854      -   264  409s
  1593  1074 -216.14854   19 1367          - -216.14854      -   415  411s
  1595  1075 -297.71295  153 1001          - -216.14854      -   414  423s
  1596  1076 -239.03977   72 1282          - -216.15863      -   414  440s
  1597  1077 -216.68798   12 1485          - -216.15863      -   414  447s
  1598  1077 -216.15863   14 1915          - -216.15863      -   414  452s
  1599  1078 -216.15863   37 1755          - -216.15863      -   413  457s
  1600  1079 -359.34801   56 1699          - -216.15863      -   413  461s
  1601  1079 -220.39032   19 1660          - -216.15863      -   413  471s
  1602  1080 -253.69839  288 1732          - -220.72900      -   413  490s
  1604  1081 -232.26211  192 1820          - -220.72900      -   412  500s
  1606  1083 -220.72900   18 1787          - -220.72900      -   412  506s

Cutting planes:
  Learned: 29
  Gomory: 1
  Cover: 83
  Implied bound: 271
  Projected implied bound: 25
  Clique: 23
  MIR: 69
  Mixing: 4
  StrongCG: 2
  Flow cover: 253
  GUB cover: 2
  Zero half: 31
  Network: 4
  RLT: 62
  Relax-and-lift: 127

Explored 1606 nodes (914887 simplex iterations) in 600.00 seconds (630.29 work units)
Thread count was 12 (of 12 available processors)

Solution count 0

Time limit reached
Best objective -, best bound -2.207289956299e+02, gap -
