
Gurobi 11.0.1 (linux64) logging started Tue Feb 11 21:26:43 2025

Set parameter LogFile to value "ASAD9_solver_fixado.log"
Gurobi Optimizer version 11.0.1 build v11.0.1rc0 (linux64 - "Ubuntu 22.04.4 LTS")

CPU model: AMD Ryzen 5 5500U with Radeon Graphics, instruction set [SSE2|AVX|AVX2]
Thread count: 6 physical cores, 12 logical processors, using up to 12 threads

Optimize a model with 75507 rows, 20162 columns and 262721 nonzeros
Model fingerprint: 0xb29a4431
Variable types: 12434 continuous, 7728 integer (0 binary)
Coefficient statistics:
  Matrix range     [9e-02, 1e+07]
  Objective range  [2e-04, 2e-04]
  Bounds range     [1e+00, 2e+06]
  RHS range        [1e+00, 1e+07]

User MIP start did not produce a new incumbent solution
User MIP start violates constraint rest_define_EstoqueEB06_PRDT_C1_d01_h02 by 115.640301302
MIP start from previous solve did not produce a new incumbent solution

Presolve removed 57069 rows and 10211 columns
Presolve time: 0.77s
Presolved: 18438 rows, 9951 columns, 67382 nonzeros
Variable types: 5099 continuous, 4852 integer (3083 binary)

Root relaxation: objective -4.900000e+01, 12557 iterations, 2.11 seconds (2.45 work units)
Another try with MIP start

    Nodes    |    Current Node    |     Objective Bounds      |     Work
 Expl Unexpl |  Obj  Depth IntInf | Incumbent    BestBd   Gap | It/Node Time

     0     0  -49.00000    0  577          -  -49.00000      -     -    5s
     0     0  -49.00000    0  954          -  -49.00000      -     -    7s
     0     0  -49.00000    0  980          -  -49.00000      -     -    7s
     0     0  -49.00000    0  189          -  -49.00000      -     -   11s
     0     0  -49.00000    0  211          -  -49.00000      -     -   11s
     0     0  -49.00000    0  138          -  -49.00000      -     -   13s
     0     0  -49.00000    0  164          -  -49.00000      -     -   13s
     0     0  -49.00000    0  180          -  -49.00000      -     -   16s
     0     0  -49.00000    0  266          -  -49.00000      -     -   16s
     0     0  -49.00000    0  140          -  -49.00000      -     -   17s
     0     0  -49.00000    0   98          -  -49.00000      -     -   19s
     0     2  -49.00000    0   97          -  -49.00000      -     -   21s
    69    76  -49.00000   11  104          -  -49.00000      -   788   25s
   158   213  -49.00000   11   77          -  -49.00000      -   716   31s
   284   384  -49.00000   21   86          -  -49.00000      -   637   35s
H  375   384                     -49.0000000  -49.00000  0.00%   554   35s

Cutting planes:
  Cover: 266
  Implied bound: 1033
  Clique: 198
  MIR: 204
  StrongCG: 8
  Flow cover: 240
  Flow path: 14
  GUB cover: 2
  Zero half: 4
  Network: 61
  RLT: 95
  Relax-and-lift: 381
  BQP: 17
  PSD: 3

Explored 579 nodes (336824 simplex iterations) in 35.93 seconds (37.54 work units)
Thread count was 12 (of 12 available processors)

Solution count 2: -49 -49 
No other solutions better than -49

Optimal solution found (tolerance 1.00e-02)
Best objective -4.900000000000e+01, best bound -4.900000000000e+01, gap 0.0000%
