
Gurobi 11.0.1 (linux64) logging started Tue Feb 11 21:26:32 2025

Set parameter LogFile to value "ASAD8_solver_completo.log"
Gurobi Optimizer version 11.0.1 build v11.0.1rc0 (linux64 - "Ubuntu 22.04.4 LTS")

CPU model: AMD Ryzen 5 5500U with Radeon Graphics, instruction set [SSE2|AVX|AVX2]
Thread count: 6 physical cores, 12 logical processors, using up to 12 threads

Optimize a model with 113762 rows, 20162 columns and 392351 nonzeros
Model fingerprint: 0xde3fecbd
Variable types: 12434 continuous, 7728 integer (0 binary)
Coefficient statistics:
  Matrix range     [9e-02, 1e+07]
  Objective range  [2e-04, 2e-04]
  Bounds range     [1e+00, 2e+06]
  RHS range        [1e+00, 1e+07]

Loaded user MIP start with objective -0
MIP start from previous solve did not produce a new incumbent solution


Explored 0 nodes (0 simplex iterations) in 0.08 seconds (0.05 work units)
Thread count was 1 (of 12 available processors)

Solution count 1: -0 
No other solutions better than -0

Optimal solution found (tolerance 1.00e-02)
Best objective -0.000000000000e+00, best bound -0.000000000000e+00, gap 0.0000%
