
Gurobi 11.0.1 (linux64) logging started Fri Feb 14 20:12:36 2025

Set parameter LogFile to value "ASAD4_solver_completo.log"
Gurobi Optimizer version 11.0.1 build v11.0.1rc0 (linux64 - "Ubuntu 22.04.4 LTS")

CPU model: AMD Ryzen 5 5500U with Radeon Graphics, instruction set [SSE2|AVX|AVX2]
Thread count: 6 physical cores, 12 logical processors, using up to 12 threads

Optimize a model with 116811 rows, 20668 columns and 494298 nonzeros
Model fingerprint: 0x35db4a5c
Variable types: 12604 continuous, 8064 integer (0 binary)
Coefficient statistics:
  Matrix range     [9e-02, 1e+07]
  Objective range  [2e-04, 2e-04]
  Bounds range     [1e+00, 2e+06]
  RHS range        [1e+00, 1e+07]

Loaded user MIP start with objective -209.143
MIP start from previous solve produced solution with objective -209.143 (0.11s)
MIP start from previous solve did not produce a new incumbent solution

Presolve removed 100304 rows and 11630 columns
Presolve time: 2.63s
Presolved: 16507 rows, 9038 columns, 64941 nonzeros
Variable types: 4751 continuous, 4287 integer (2757 binary)

Root relaxation: objective -1.679575e+02, 12850 iterations, 1.52 seconds (1.89 work units)
Total elapsed time = 5.12s (DegenMoves)

    Nodes    |    Current Node    |     Objective Bounds      |     Work
 Expl Unexpl |  Obj  Depth IntInf | Incumbent    BestBd   Gap | It/Node Time

     0     0 -167.95754    0  909 -209.14286 -167.95754  19.7%     -    6s
     0     0 -168.02180    0  906 -209.14286 -168.02180  19.7%     -    6s
     0     0 -180.59680    0 1157 -209.14286 -180.59680  13.6%     -    9s
     0     0 -180.91475    0 1183 -209.14286 -180.91475  13.5%     -   10s
     0     0 -180.91475    0 1210 -209.14286 -180.91475  13.5%     -   10s
     0     0 -180.91475    0 1148 -209.14286 -180.91475  13.5%     -   10s
     0     0 -180.91475    0 1147 -209.14286 -180.91475  13.5%     -   10s
     0     0 -192.19813    0 1445 -209.14286 -192.19813  8.10%     -   11s
     0     0 -192.63202    0 1446 -209.14286 -192.63202  7.89%     -   13s
     0     0 -192.63202    0 1359 -209.14286 -192.63202  7.89%     -   13s
     0     0 -192.63202    0 1356 -209.14286 -192.63202  7.89%     -   13s
     0     0 -207.54209    0 1714 -209.14286 -207.54209  0.77%     -   15s

Cutting planes:
  Learned: 29
  Gomory: 5
  Cover: 32
  Implied bound: 485
  Clique: 31
  MIR: 139
  StrongCG: 15
  Flow cover: 192
  Flow path: 2
  GUB cover: 3
  Zero half: 9
  Network: 2
  RLT: 112
  Relax-and-lift: 34
  BQP: 3

Explored 1 nodes (42535 simplex iterations) in 15.86 seconds (14.65 work units)
Thread count was 12 (of 12 available processors)

Solution count 1: -209.143 

Optimal solution found (tolerance 1.00e-02)
Best objective -2.091428571429e+02, best bound -2.075714285714e+02, gap 0.7514%
