
Gurobi 11.0.1 (linux64) logging started Fri Feb 14 20:09:25 2025

Set parameter LogFile to value "ASAD3_solver_completo.log"
Gurobi Optimizer version 11.0.1 build v11.0.1rc0 (linux64 - "Ubuntu 22.04.4 LTS")

CPU model: AMD Ryzen 5 5500U with Radeon Graphics, instruction set [SSE2|AVX|AVX2]
Thread count: 6 physical cores, 12 logical processors, using up to 12 threads

Optimize a model with 122880 rows, 21680 columns and 576867 nonzeros
Model fingerprint: 0xed48e160
Variable types: 12944 continuous, 8736 integer (0 binary)
Coefficient statistics:
  Matrix range     [9e-02, 1e+07]
  Objective range  [3e-04, 3e-04]
  Bounds range     [1e+00, 2e+06]
  RHS range        [1e+00, 1e+07]

User MIP start did not produce a new incumbent solution
User MIP start violates constraint rest_define_EstoqueEB06_PRDT_C2_d01_h04 by 388.258291906
MIP start from previous solve did not produce a new incumbent solution

Presolve removed 105117 rows and 11717 columns
Presolve time: 2.52s
Presolved: 17763 rows, 9963 columns, 127436 nonzeros
Variable types: 4981 continuous, 4982 integer (3183 binary)

Root relaxation: infeasible, 1654 iterations, 0.06 seconds (0.05 work units)

    Nodes    |    Current Node    |     Objective Bounds      |     Work
 Expl Unexpl |  Obj  Depth IntInf | Incumbent    BestBd   Gap | It/Node Time

     0     0 infeasible    0               - infeasible      -     -    2s

Explored 1 nodes (1654 simplex iterations) in 2.77 seconds (2.94 work units)
Thread count was 12 (of 12 available processors)

Solution count 0
No other solutions better than -1e+100

Model is infeasible
Best objective -, best bound -, gap -
