
Gurobi 11.0.1 (linux64) logging started Fri Feb 14 20:16:58 2025

Set parameter LogFile to value "ASAD7_solver_completo.log"
Gurobi Optimizer version 11.0.1 build v11.0.1rc0 (linux64 - "Ubuntu 22.04.4 LTS")

CPU model: AMD Ryzen 5 5500U with Radeon Graphics, instruction set [SSE2|AVX|AVX2]
Thread count: 6 physical cores, 12 logical processors, using up to 12 threads

Optimize a model with 116810 rows, 20668 columns and 528749 nonzeros
Model fingerprint: 0xc2546a7f
Variable types: 12604 continuous, 8064 integer (0 binary)
Coefficient statistics:
  Matrix range     [9e-02, 1e+07]
  Objective range  [3e-04, 3e-04]
  Bounds range     [1e+00, 2e+06]
  RHS range        [1e+00, 1e+07]

User MIP start did not produce a new incumbent solution
User MIP start violates constraint rest_define_EstoqueEB06_PRDT_C1_d01_h02 by 0.127000000
MIP start from previous solve did not produce a new incumbent solution

Presolve removed 99421 rows and 11125 columns
Presolve time: 2.22s
Presolved: 17389 rows, 9543 columns, 82467 nonzeros
Variable types: 4923 continuous, 4620 integer (3008 binary)

Root relaxation: objective -1.330836e+02, 11001 iterations, 1.36 seconds (1.48 work units)
Total elapsed time = 5.03s (DegenMoves)

    Nodes    |    Current Node    |     Objective Bounds      |     Work
 Expl Unexpl |  Obj  Depth IntInf | Incumbent    BestBd   Gap | It/Node Time

     0     0 -133.08364    0  607          - -133.08364      -     -    6s
     0     0 -133.08364    0  446          - -133.08364      -     -    6s
Another try with MIP start
     0     0 -133.08472    0  377          - -133.08472      -     -    6s
     0     0 -133.58762    0  750          - -133.58762      -     -    7s
     0     0 -133.58762    0  817          - -133.58762      -     -    8s
     0     0 -133.60301    0  810          - -133.60301      -     -    8s
     0     0 -133.64701    0 1085          - -133.64701      -     -    9s
     0     0 -133.69416    0 1020          - -133.69416      -     -    9s
     0     0 -133.69956    0 1042          - -133.69956      -     -   10s
     0     0 -133.69956    0 1101          - -133.69956      -     -   10s
     0     0 -133.69956    0 1103          - -133.69956      -     -   10s
     0     0 -133.69956    0  860          - -133.69956      -     -   10s
     0     0 -133.69956    0  817          - -133.69956      -     -   11s
     0     0 -133.69956    0  497          - -133.69956      -     -   13s
     0     0 -133.69956    0  464          - -133.69956      -     -   13s
     0     0 -133.80111    0  390          - -133.80111      -     -   13s
     0     0 -133.80111    0  417          - -133.80111      -     -   13s
     0     0 -133.80111    0  387          - -133.80111      -     -   14s
     0     0 infeasible    0               - infeasible      -     -   15s

Cutting planes:
  Learned: 3
  Cover: 69
  Implied bound: 374
  Clique: 36
  MIR: 62
  StrongCG: 2
  Flow cover: 61
  Flow path: 2
  GUB cover: 4
  Zero half: 1
  RLT: 76
  Relax-and-lift: 44
  BQP: 4
  PSD: 2

Explored 1 nodes (66042 simplex iterations) in 15.11 seconds (13.81 work units)
Thread count was 12 (of 12 available processors)

Solution count 0
No other solutions better than -1e+100

Model is infeasible
Best objective -, best bound -, gap -
