
Gurobi 11.0.1 (linux64) logging started Fri Feb 14 20:16:13 2025

Set parameter LogFile to value "ASAD5_solver_completo.log"
Gurobi Optimizer version 11.0.1 build v11.0.1rc0 (linux64 - "Ubuntu 22.04.4 LTS")

CPU model: AMD Ryzen 5 5500U with Radeon Graphics, instruction set [SSE2|AVX|AVX2]
Thread count: 6 physical cores, 12 logical processors, using up to 12 threads

Optimize a model with 119857 rows, 21174 columns and 507226 nonzeros
Model fingerprint: 0x232a5300
Variable types: 12774 continuous, 8400 integer (0 binary)
Coefficient statistics:
  Matrix range     [9e-02, 1e+07]
  Objective range  [2e-04, 2e-04]
  Bounds range     [1e+00, 2e+06]
  RHS range        [1e+00, 1e+07]

User MIP start did not produce a new incumbent solution
User MIP start violates constraint rest_define_EstoqueEB06_PRDT_C1_d05_h08 by 0.008207285
MIP start from previous solve did not produce a new incumbent solution

Presolve removed 102130 rows and 11432 columns
Presolve time: 1.36s

Explored 0 nodes (0 simplex iterations) in 1.46 seconds (1.65 work units)
Thread count was 1 (of 12 available processors)

Solution count 0
No other solutions better than -1e+100

Model is infeasible
Best objective -, best bound -, gap -
