
Gurobi 11.0.1 (linux64) logging started Tue Feb 11 20:08:14 2025

Set parameter LogFile to value "ASAD10_solver_fixado.log"
Gurobi Optimizer version 11.0.1 build v11.0.1rc0 (linux64 - "Ubuntu 22.04.4 LTS")

CPU model: AMD Ryzen 5 5500U with Radeon Graphics, instruction set [SSE2|AVX|AVX2]
Thread count: 6 physical cores, 12 logical processors, using up to 12 threads

Optimize a model with 77544 rows, 20668 columns and 355666 nonzeros
Model fingerprint: 0x882c81e6
Variable types: 12604 continuous, 8064 integer (0 binary)
Coefficient statistics:
  Matrix range     [9e-02, 1e+07]
  Objective range  [3e-04, 3e-04]
  Bounds range     [1e+00, 2e+06]
  RHS range        [1e+00, 1e+07]

User MIP start did not produce a new incumbent solution
User MIP start violates constraint rest_define_EstoqueEB06_PRDT_C1_d01_h03 by 569.994487416
MIP start from previous solve did not produce a new incumbent solution

Presolve removed 59910 rows and 10971 columns
Presolve time: 1.55s
Presolved: 17634 rows, 9697 columns, 74544 nonzeros
Variable types: 5044 continuous, 4653 integer (3014 binary)

Root relaxation: objective -3.311854e+01, 11125 iterations, 1.24 seconds (1.35 work units)

    Nodes    |    Current Node    |     Objective Bounds      |     Work
 Expl Unexpl |  Obj  Depth IntInf | Incumbent    BestBd   Gap | It/Node Time

     0     0  -33.11854    0  799          -  -33.11854      -     -    5s
Another try with MIP start
     0     0  -33.72574    0 1091          -  -33.72574      -     -    9s
     0     0  -33.84796    0 1034          -  -33.84796      -     -    9s
     0     0  -33.85019    0 1200          -  -33.85019      -     -    9s
     0     0  -33.85019    0 1192          -  -33.85019      -     -   10s
     0     0  -33.85019    0 1190          -  -33.85019      -     -   10s
     0     0  -33.85019    0 1199          -  -33.85019      -     -   10s
     0     0  -34.18024    0 1046          -  -34.18024      -     -   11s
     0     0  -34.18785    0  998          -  -34.18785      -     -   11s
     0     0  -34.19129    0  974          -  -34.19129      -     -   11s
     0     0  -34.19130    0  963          -  -34.19130      -     -   11s
     0     0  -34.40422    0  918          -  -34.40422      -     -   12s
     0     0  -34.46220    0  905          -  -34.46220      -     -   12s
     0     0  -34.89586    0  865          -  -34.89586      -     -   12s
     0     0  -35.68230    0 1331          -  -35.68230      -     -   13s
     0     0  -35.68230    0 1297          -  -35.68230      -     -   13s
     0     0  -36.47075    0 1281          -  -36.47075      -     -   13s
     0     0  -36.47075    0 1061          -  -36.47075      -     -   14s
     0     0  -36.47075    0  840          -  -36.47075      -     -   14s
     0     0  -37.25978    0  684          -  -37.25978      -     -   14s
     0     0  -39.09272    0  674          -  -39.09272      -     -   17s
     0     0  -39.09272    0  607          -  -39.09272      -     -   17s
     0     0  -39.09272    0  678          -  -39.09272      -     -   17s
     0     0  -39.09272    0  689          -  -39.09272      -     -   17s
     0     0  -39.09272    0  689          -  -39.09272      -     -   17s
     0     0  -39.09272    0  675          -  -39.09272      -     -   17s
     0     0  -39.09272    0  660          -  -39.09272      -     -   18s
     0     0  -39.09272    0  671          -  -39.09272      -     -   18s
     0     0  -39.09272    0  667          -  -39.09272      -     -   18s
     0     0  -39.09272    0  717          -  -39.09272      -     -   18s
     0     0  -39.09272    0  653          -  -39.09272      -     -   19s
     0     0  -40.23625    0  591          -  -40.23625      -     -   21s
     0     0  -40.23625    0  813          -  -40.23625      -     -   21s
     0     0  -40.23625    0  865          -  -40.23625      -     -   22s
     0     0  -40.23625    0  332          -  -40.23625      -     -   26s
     0     0  -40.23625    0  467          -  -40.23625      -     -   26s
     0     0  -40.23625    0  510          -  -40.23625      -     -   26s
     0     0  -40.23625    0  511          -  -40.23625      -     -   27s
     0     0  -40.23625    0  472          -  -40.23625      -     -   27s
     0     0  -40.23625    0  472          -  -40.23625      -     -   27s
     0     0  -40.23625    0  546          -  -40.23625      -     -   28s
     0     0  -40.23625    0 1127          -  -40.23625      -     -   29s
     0     0  -40.23625    0 1057          -  -40.23625      -     -   29s
     0     0  -40.23625    0 1091          -  -40.23625      -     -   30s
     0     0  -40.23625    0 1021          -  -40.23625      -     -   32s
     0     2  -40.23625    0 1017          -  -40.23625      -     -   34s
     1     4  -40.23625    1  922          -  -40.23625      -  2317   35s
   122    47  -59.03084   23  972          -  -42.03524      -   458   40s
   243   143  -79.96982   41 1296          -  -42.03524      -   422   45s
   515   347  -82.27875   78  747          -  -42.03524      -   308   50s
   927   636  -50.56215   22  572          -  -42.43326      -   289   55s
  1399   958  -51.66625   80  682          -  -42.43326      -   271   60s
  1664  1082  -55.66625   48 1021          -  -42.43326      -   288   69s
  1666  1083  -56.55875   41 1224          -  -42.43326      -   287   77s
  1667  1084  -82.27875   97  852          -  -42.43326      -   287   85s
  1669  1085  -86.95625   47  923          -  -42.43326      -   287   94s
  1670  1086  -88.27875   63 1210          -  -42.43326      -   287   97s
  1672  1087  -50.23144   34 1180          -  -42.43326      -   286  102s
  1673  1088  -63.66625   40 1162          -  -42.43326      -   286  111s
  1677  1092  -42.43326   14 1102          -  -42.43326      -  40.7  116s
  1683  1092  -74.70039   16  886          -  -42.43326      -  45.1  120s
  1701  1100  -76.22102   18  793          -  -42.43326      -  49.7  125s
  2026  1207  -90.77755   42  737          -  -42.70007      -  80.1  130s
  2482  1274  -45.31457   22  965          -  -45.31457      -  93.3  135s
  2750  1345  -49.36427   34  489          -  -46.25005      -   105  141s
  3039  1433  -65.31125   78  428          -  -46.25005      -   112  145s
  3509  1521  -50.37538   27  913          -  -46.53609      -   120  150s
  3951  1538  -52.78368   33  375          -  -46.53609      -   125  156s
  4278  1588  -54.77375   87  325          -  -46.53609      -   130  161s
  4510  1643  -54.77375  109  321          -  -46.53609      -   135  166s
  4881  1728 infeasible   41               -  -46.53609      -   137  171s
  5291  2029  -58.98875  103  458          -  -46.53609      -   140  175s
  5772  2201  -49.69735   35  630          -  -47.58992      -   149  181s
  6053  2439  -57.01758   47  657          -  -47.58992      -   149  188s
  6184  2438  -59.54653   48  650          -  -47.58992      -   148  190s
  6406  2602  -52.94870   32  490          -  -47.58992      -   152  195s
  6726  2916 infeasible   45               -  -47.58992      -   156  201s
  7379  3135  -63.09625   82  395          -  -47.58992      -   158  207s
  7436  3387  -63.09625   88  393          -  -47.58992      -   159  210s
  8635  3913  -50.61250   81  328          -  -49.55875      -   157  217s
  8728  4094  -50.61250   83  327          -  -49.55875      -   157  220s
  9570  4729  -52.14211   59  498          -  -49.61381      -   158  227s
 10153  4738  -50.61250   75  290          -  -49.61381      -   156  230s
H10587  5100                    -202.9762500  -49.61381  75.6%   157  232s
H10652  5490                    -196.9762500  -49.61381  74.8%   157  235s
H10749  5490                    -195.9762500  -49.61384  74.7%   157  235s
H11115  2468                     -53.7737500  -49.61384  7.74%   155  235s
 11224  2642 infeasible   37       -53.77375  -49.61384  7.74%   156  242s
 11830  2982  -50.03215   49  499  -53.77375  -50.03188  6.96%   154  245s
 12352  3002 infeasible  160       -53.77375  -50.03188  6.96%   153  250s
H12812  3306                     -53.7200000  -50.03188  6.87%   154  254s
 13122  3345  -52.66625   91  209  -53.72000  -50.03188  6.87%   155  263s
H13173  2839                     -52.7200000  -50.03188  5.10%   156  263s
 13266  4170  -50.96067   37  346  -52.72000  -50.03188  5.10%   158  287s
H15111  3331                     -51.6662500  -50.03188  3.16%   158  287s
 15989  2552  -51.61250   37  194  -51.66625  -50.03231  3.16%   160  294s
 16135  2527  -51.61250   55  194  -51.66625  -50.03231  3.16%   161  305s
 16201  2527  -51.61250   56  195  -51.66625  -50.03231  3.16%   162  312s
 16364  2520 infeasible  141       -51.66625  -50.03231  3.16%   164  320s
 16488  2794  -50.07578   30  603  -51.66625  -50.03269  3.16%   165  327s
 17348  2806 infeasible   34       -51.66625  -50.03476  3.16%   166  333s
 17534  3440  -50.55875   50  385  -51.66625  -50.03476  3.16%   168  341s
 18726  3875  -50.23113   44  864  -51.66625  -50.04010  3.15%   167  347s
 19439  3871 infeasible   34       -51.66625  -50.23112  2.78%   167  354s
 19495  4640 infeasible   42       -51.66625  -50.23112  2.78%   168  361s
 20722  5360 infeasible   97       -51.66625  -50.23112  2.78%   167  367s
 21881  5423  -51.61250  180  339  -51.66625  -50.23112  2.78%   166  373s
 22025  5870  -50.23112   72  448  -51.66625  -50.23112  2.78%   167  382s
 22859  6436  -50.47244   65  731  -51.66625  -50.23112  2.78%   167  388s
 23859  6430     cutoff   81       -51.66625  -50.23112  2.78%   168  394s
 24080  6829 infeasible  109       -51.66625  -50.23112  2.78%   171  402s
 25038  6853 infeasible   69       -51.66625  -50.23112  2.78%   173  407s
 25191  7474  -50.23112   53  467  -51.66625  -50.23112  2.78%   174  414s
 26466  7504  -50.23112   67  421  -51.66625  -50.23112  2.78%   174  536s
